// Jest Snapshot v1, https://goo.gl/fbAQLP

exports[`ReactionStory should render 1`] = `ShallowWrapper {}`;
